{"version":8,"type":"context-options","origin":"library","browserName":"","playwrightVersion":"1.62.1","options":{},"platform":"win32","wallTime":1786183009876,"monotonicTime":50476.006,"sdkLanguage":"javascript","contextId":"request-context@7e687e707f4d1169b4fb30f0ec21c4a3","title":"document_admin\\document.spec.js:101 › Document Library - Document Admin › DOC006 - Cleanup E2E test folders"}
{"type":"before","callId":"call@15","startTime":50478.507,"class":"APIRequestContext","method":"fetch","params":{"url":"/api/document/folder/","method":"GET","timeout":15000},"stepId":"pw:api@25"}
{"type":"log","callId":"call@15","time":50479.741,"message":"→ GET http://localhost:8080/api/document/folder/"}
{"type":"log","callId":"call@15","time":50479.778,"message":"  user-agent: Mozilla/5.0 (Windows NT 10.0; Win64; x64) AppleWebKit/537.36 (KHTML, like Gecko) Chrome/151.0.7922.34 Safari/537.36"}
{"type":"log","callId":"call@15","time":50479.795,"message":"  accept: */*"}
{"type":"log","callId":"call@15","time":50479.806,"message":"  accept-encoding: gzip,deflate,br"}
{"type":"log","callId":"call@15","time":50479.817,"message":"  X-Token: f31a0b4df2154f9598f3ca2b1438a87a"}
{"type":"log","callId":"call@15","time":50479.828,"message":"  Content-Type: application/json"}
{"type":"log","callId":"call@15","time":50499.421,"message":"← 200 OK"}
{"type":"log","callId":"call@15","time":50499.437,"message":"  server: nginx"}
{"type":"log","callId":"call@15","time":50499.444,"message":"  date: Sat, 08 Aug 2026 09:56:50 GMT"}
{"type":"log","callId":"call@15","time":50499.45,"message":"  content-type: application/json"}
{"type":"log","callId":"call@15","time":50499.455,"message":"  content-length: 153"}
{"type":"log","callId":"call@15","time":50499.46,"message":"  connection: keep-alive"}
{"type":"log","callId":"call@15","time":50499.465,"message":"  x-content-type-options: nosniff, nosniff"}
{"type":"log","callId":"call@15","time":50499.47,"message":"  referrer-policy: same-origin"}
{"type":"log","callId":"call@15","time":50499.475,"message":"  cross-origin-opener-policy: same-origin"}
{"type":"log","callId":"call@15","time":50499.48,"message":"  x-frame-options: SAMEORIGIN"}
{"type":"after","callId":"call@15","endTime":50499.645,"result":{"response":{"url":"http://localhost:8080/api/document/folder/","status":200,"statusText":"OK","headers":[{"name":"Server","value":"nginx"},{"name":"Date","value":"Sat, 08 Aug 2026 09:56:50 GMT"},{"name":"Content-Type","value":"application/json"},{"name":"Content-Length","value":"153"},{"name":"Connection","value":"keep-alive"},{"name":"X-Content-Type-Options","value":"nosniff"},{"name":"Referrer-Policy","value":"same-origin"},{"name":"Cross-Origin-Opener-Policy","value":"same-origin"},{"name":"X-Frame-Options","value":"SAMEORIGIN"},{"name":"X-Content-Type-Options","value":"nosniff"}],"serverAddr":{"ipAddress":"::1","port":8080},"timing":{"startTime":1786183009879,"domainLookupStart":-1,"domainLookupEnd":-1,"connectStart":-1,"secureConnectionStart":-1,"connectEnd":-1,"requestStart":0.9000000000014552,"responseStart":19.618999999998778},"responseEndTiming":19.9800000000032,"fetchUid":"2af098da03493e124942b641e61a1638"}}}
{"type":"before","callId":"call@18","startTime":50502.881,"class":"APIRequestContext","method":"fetch","params":{"url":"/api/document/file/","method":"GET","timeout":15000},"stepId":"pw:api@26"}
{"type":"log","callId":"call@18","time":50503.641,"message":"→ GET http://localhost:8080/api/document/file/"}
{"type":"log","callId":"call@18","time":50503.667,"message":"  user-agent: Mozilla/5.0 (Windows NT 10.0; Win64; x64) AppleWebKit/537.36 (KHTML, like Gecko) Chrome/151.0.7922.34 Safari/537.36"}
{"type":"log","callId":"call@18","time":50503.702,"message":"  accept: */*"}
{"type":"log","callId":"call@18","time":50503.786,"message":"  accept-encoding: gzip,deflate,br"}
{"type":"log","callId":"call@18","time":50503.802,"message":"  X-Token: f31a0b4df2154f9598f3ca2b1438a87a"}
{"type":"log","callId":"call@18","time":50503.813,"message":"  Content-Type: application/json"}
{"type":"log","callId":"call@18","time":50516.353,"message":"← 405 Method Not Allowed"}
{"type":"log","callId":"call@18","time":50516.373,"message":"  server: nginx"}
{"type":"log","callId":"call@18","time":50516.38,"message":"  date: Sat, 08 Aug 2026 09:56:50 GMT"}
{"type":"log","callId":"call@18","time":50516.386,"message":"  content-type: text/html; charset=utf-8"}
{"type":"log","callId":"call@18","time":50516.392,"message":"  content-length: 0"}
{"type":"log","callId":"call@18","time":50516.397,"message":"  connection: keep-alive"}
{"type":"log","callId":"call@18","time":50516.402,"message":"  allow: DELETE, OPTIONS"}
{"type":"log","callId":"call@18","time":50516.406,"message":"  x-content-type-options: nosniff, nosniff"}
{"type":"log","callId":"call@18","time":50516.411,"message":"  referrer-policy: same-origin"}
{"type":"log","callId":"call@18","time":50516.416,"message":"  cross-origin-opener-policy: same-origin"}
{"type":"log","callId":"call@18","time":50516.42,"message":"  x-frame-options: SAMEORIGIN"}
{"type":"after","callId":"call@18","endTime":50516.579,"result":{"response":{"url":"http://localhost:8080/api/document/file/","status":405,"statusText":"Method Not Allowed","headers":[{"name":"Server","value":"nginx"},{"name":"Date","value":"Sat, 08 Aug 2026 09:56:50 GMT"},{"name":"Content-Type","value":"text/html; charset=utf-8"},{"name":"Content-Length","value":"0"},{"name":"Connection","value":"keep-alive"},{"name":"Allow","value":"DELETE, OPTIONS"},{"name":"X-Content-Type-Options","value":"nosniff"},{"name":"Referrer-Policy","value":"same-origin"},{"name":"Cross-Origin-Opener-Policy","value":"same-origin"},{"name":"X-Frame-Options","value":"SAMEORIGIN"},{"name":"X-Content-Type-Options","value":"nosniff"}],"serverAddr":{"ipAddress":"::1","port":8080},"timing":{"startTime":1786183009903,"domainLookupStart":-1,"domainLookupEnd":-1,"connectStart":-1,"secureConnectionStart":-1,"connectEnd":-1,"requestStart":0.5610000000015134,"responseStart":12.186000000001513},"responseEndTiming":12.519000000000233,"fetchUid":"05d4db473e379043838cb61a29eed31c"}}}
