{"version":8,"type":"context-options","origin":"library","browserName":"","playwrightVersion":"1.62.1","options":{},"platform":"win32","wallTime":1786182722702,"monotonicTime":213389.879,"sdkLanguage":"javascript","contextId":"request-context@6f0571929e780bbb21eee18ee6a257c3","title":"technical_operations\\alert.spec.js:30 › System Alert - Technical Operations › ALT003 - Alert API returns data"}
{"type":"before","callId":"call@15","startTime":213392.803,"class":"APIRequestContext","method":"fetch","params":{"url":"/api/alert/records/","method":"GET","timeout":15000},"stepId":"pw:api@25"}
{"type":"log","callId":"call@15","time":213393.655,"message":"→ GET http://localhost:8080/api/alert/records/"}
{"type":"log","callId":"call@15","time":213393.673,"message":"  user-agent: Mozilla/5.0 (Windows NT 10.0; Win64; x64) AppleWebKit/537.36 (KHTML, like Gecko) Chrome/151.0.7922.34 Safari/537.36"}
{"type":"log","callId":"call@15","time":213393.681,"message":"  accept: */*"}
{"type":"log","callId":"call@15","time":213393.687,"message":"  accept-encoding: gzip,deflate,br"}
{"type":"log","callId":"call@15","time":213393.692,"message":"  X-Token: 786847e12ca648aea184b7d22dd29423"}
{"type":"log","callId":"call@15","time":213393.698,"message":"  Content-Type: application/json"}
{"type":"log","callId":"call@15","time":213412.359,"message":"← 404 Not Found"}
{"type":"log","callId":"call@15","time":213412.396,"message":"  server: nginx"}
{"type":"log","callId":"call@15","time":213412.406,"message":"  date: Sat, 08 Aug 2026 09:52:02 GMT"}
{"type":"log","callId":"call@15","time":213412.412,"message":"  content-type: text/html; charset=utf-8"}
{"type":"log","callId":"call@15","time":213412.418,"message":"  transfer-encoding: chunked"}
{"type":"log","callId":"call@15","time":213412.423,"message":"  connection: keep-alive"}
{"type":"log","callId":"call@15","time":213412.428,"message":"  vary: Accept-Encoding"}
{"type":"log","callId":"call@15","time":213412.433,"message":"  x-content-type-options: nosniff, nosniff"}
{"type":"log","callId":"call@15","time":213412.438,"message":"  referrer-policy: same-origin"}
{"type":"log","callId":"call@15","time":213412.444,"message":"  cross-origin-opener-policy: same-origin"}
{"type":"log","callId":"call@15","time":213412.449,"message":"  x-frame-options: SAMEORIGIN"}
{"type":"log","callId":"call@15","time":213412.455,"message":"  content-encoding: gzip"}
{"type":"after","callId":"call@15","endTime":213413.395,"result":{"response":{"url":"http://localhost:8080/api/alert/records/","status":404,"statusText":"Not Found","headers":[{"name":"Server","value":"nginx"},{"name":"Date","value":"Sat, 08 Aug 2026 09:52:02 GMT"},{"name":"Content-Type","value":"text/html; charset=utf-8"},{"name":"Transfer-Encoding","value":"chunked"},{"name":"Connection","value":"keep-alive"},{"name":"Vary","value":"Accept-Encoding"},{"name":"X-Content-Type-Options","value":"nosniff"},{"name":"Referrer-Policy","value":"same-origin"},{"name":"Cross-Origin-Opener-Policy","value":"same-origin"},{"name":"X-Frame-Options","value":"SAMEORIGIN"},{"name":"X-Content-Type-Options","value":"nosniff"},{"name":"Content-Encoding","value":"gzip"}],"serverAddr":{"ipAddress":"::1","port":8080},"timing":{"startTime":1786182722706,"domainLookupStart":-1,"domainLookupEnd":-1,"connectStart":-1,"secureConnectionStart":-1,"connectEnd":-1,"requestStart":0.5669999999809079,"responseStart":15.962999999988824},"responseEndTiming":19.728999999992084,"fetchUid":"640041651be4de2e4ad0610e28ec8459"}}}
