{"version":8,"type":"context-options","origin":"library","browserName":"","playwrightVersion":"1.62.1","options":{},"platform":"win32","wallTime":1786182569207,"monotonicTime":59897.937,"sdkLanguage":"javascript","contextId":"request-context@112aa3aaa93802642afb5f2fa872a0b1","title":"document_admin\\document.spec.js:101 › Document Library - Document Admin › DOC006 - Cleanup E2E test folders"}
{"type":"before","callId":"call@15","startTime":59901.56,"class":"APIRequestContext","method":"fetch","params":{"url":"/api/document/folders/","method":"GET","timeout":15000},"stepId":"pw:api@25"}
{"type":"log","callId":"call@15","time":59902.611,"message":"→ GET http://localhost:8080/api/document/folders/"}
{"type":"log","callId":"call@15","time":59902.637,"message":"  user-agent: Mozilla/5.0 (Windows NT 10.0; Win64; x64) AppleWebKit/537.36 (KHTML, like Gecko) Chrome/151.0.7922.34 Safari/537.36"}
{"type":"log","callId":"call@15","time":59902.645,"message":"  accept: */*"}
{"type":"log","callId":"call@15","time":59902.652,"message":"  accept-encoding: gzip,deflate,br"}
{"type":"log","callId":"call@15","time":59902.658,"message":"  X-Token: 20ce6d05bdac44f4ae37c22803270a73"}
{"type":"log","callId":"call@15","time":59902.663,"message":"  Content-Type: application/json"}
{"type":"log","callId":"call@15","time":59921.767,"message":"← 404 Not Found"}
{"type":"log","callId":"call@15","time":59921.794,"message":"  server: nginx"}
{"type":"log","callId":"call@15","time":59921.802,"message":"  date: Sat, 08 Aug 2026 09:49:29 GMT"}
{"type":"log","callId":"call@15","time":59921.808,"message":"  content-type: text/html; charset=utf-8"}
{"type":"log","callId":"call@15","time":59921.813,"message":"  transfer-encoding: chunked"}
{"type":"log","callId":"call@15","time":59921.818,"message":"  connection: keep-alive"}
{"type":"log","callId":"call@15","time":59921.823,"message":"  vary: Accept-Encoding"}
{"type":"log","callId":"call@15","time":59921.828,"message":"  x-content-type-options: nosniff, nosniff"}
{"type":"log","callId":"call@15","time":59921.833,"message":"  referrer-policy: same-origin"}
{"type":"log","callId":"call@15","time":59921.838,"message":"  cross-origin-opener-policy: same-origin"}
{"type":"log","callId":"call@15","time":59921.843,"message":"  x-frame-options: SAMEORIGIN"}
{"type":"log","callId":"call@15","time":59921.848,"message":"  content-encoding: gzip"}
{"type":"after","callId":"call@15","endTime":59922.908,"result":{"response":{"url":"http://localhost:8080/api/document/folders/","status":404,"statusText":"Not Found","headers":[{"name":"Server","value":"nginx"},{"name":"Date","value":"Sat, 08 Aug 2026 09:49:29 GMT"},{"name":"Content-Type","value":"text/html; charset=utf-8"},{"name":"Transfer-Encoding","value":"chunked"},{"name":"Connection","value":"keep-alive"},{"name":"Vary","value":"Accept-Encoding"},{"name":"X-Content-Type-Options","value":"nosniff"},{"name":"Referrer-Policy","value":"same-origin"},{"name":"Cross-Origin-Opener-Policy","value":"same-origin"},{"name":"X-Frame-Options","value":"SAMEORIGIN"},{"name":"X-Content-Type-Options","value":"nosniff"},{"name":"Content-Encoding","value":"gzip"}],"serverAddr":{"ipAddress":"::1","port":8080},"timing":{"startTime":1786182569211,"domainLookupStart":-1,"domainLookupEnd":-1,"connectStart":-1,"secureConnectionStart":-1,"connectEnd":-1,"requestStart":0.680000000000291,"responseStart":17.131999999997788},"responseEndTiming":20.271999999997206,"fetchUid":"358175f598ff780d617a20441dfacd84"}}}
