{"version":8,"type":"context-options","origin":"library","browserName":"","playwrightVersion":"1.62.1","options":{},"platform":"win32","wallTime":1786182725827,"monotonicTime":216511.363,"sdkLanguage":"javascript","contextId":"request-context@a6c9e532994a810e67819fbd7b1cfee3","title":"technical_operations\\alert.spec.js:37 › System Alert - Technical Operations › ALT004 - Alert rules API returns data"}
{"type":"before","callId":"call@15","startTime":216513.979,"class":"APIRequestContext","method":"fetch","params":{"url":"/api/alert/rules/","method":"GET","timeout":15000},"stepId":"pw:api@25"}
{"type":"log","callId":"call@15","time":216515.147,"message":"→ GET http://localhost:8080/api/alert/rules/"}
{"type":"log","callId":"call@15","time":216515.17,"message":"  user-agent: Mozilla/5.0 (Windows NT 10.0; Win64; x64) AppleWebKit/537.36 (KHTML, like Gecko) Chrome/151.0.7922.34 Safari/537.36"}
{"type":"log","callId":"call@15","time":216515.178,"message":"  accept: */*"}
{"type":"log","callId":"call@15","time":216515.183,"message":"  accept-encoding: gzip,deflate,br"}
{"type":"log","callId":"call@15","time":216515.188,"message":"  X-Token: 0f81e77366cf4e37a84e9940bf22b5d6"}
{"type":"log","callId":"call@15","time":216515.192,"message":"  Content-Type: application/json"}
{"type":"log","callId":"call@15","time":216533.889,"message":"← 404 Not Found"}
{"type":"log","callId":"call@15","time":216533.915,"message":"  server: nginx"}
{"type":"log","callId":"call@15","time":216533.922,"message":"  date: Sat, 08 Aug 2026 09:52:06 GMT"}
{"type":"log","callId":"call@15","time":216533.928,"message":"  content-type: text/html; charset=utf-8"}
{"type":"log","callId":"call@15","time":216533.933,"message":"  transfer-encoding: chunked"}
{"type":"log","callId":"call@15","time":216533.938,"message":"  connection: keep-alive"}
{"type":"log","callId":"call@15","time":216533.943,"message":"  vary: Accept-Encoding"}
{"type":"log","callId":"call@15","time":216533.948,"message":"  x-content-type-options: nosniff, nosniff"}
{"type":"log","callId":"call@15","time":216533.953,"message":"  referrer-policy: same-origin"}
{"type":"log","callId":"call@15","time":216533.958,"message":"  cross-origin-opener-policy: same-origin"}
{"type":"log","callId":"call@15","time":216533.963,"message":"  x-frame-options: SAMEORIGIN"}
{"type":"log","callId":"call@15","time":216533.967,"message":"  content-encoding: gzip"}
{"type":"after","callId":"call@15","endTime":216534.819,"result":{"response":{"url":"http://localhost:8080/api/alert/rules/","status":404,"statusText":"Not Found","headers":[{"name":"Server","value":"nginx"},{"name":"Date","value":"Sat, 08 Aug 2026 09:52:06 GMT"},{"name":"Content-Type","value":"text/html; charset=utf-8"},{"name":"Transfer-Encoding","value":"chunked"},{"name":"Connection","value":"keep-alive"},{"name":"Vary","value":"Accept-Encoding"},{"name":"X-Content-Type-Options","value":"nosniff"},{"name":"Referrer-Policy","value":"same-origin"},{"name":"Cross-Origin-Opener-Policy","value":"same-origin"},{"name":"X-Frame-Options","value":"SAMEORIGIN"},{"name":"X-Content-Type-Options","value":"nosniff"},{"name":"Content-Encoding","value":"gzip"}],"serverAddr":{"ipAddress":"::1","port":8080},"timing":{"startTime":1786182725830,"domainLookupStart":-1,"domainLookupEnd":-1,"connectStart":-1,"secureConnectionStart":-1,"connectEnd":-1,"requestStart":0.7930000000051223,"responseStart":16.952000000019325},"responseEndTiming":19.88900000002468,"fetchUid":"baeb2412a783191a3bcf9831eb2a34df"}}}
